// Jest Snapshot v1, https://goo.gl/fbAQLP

exports[`WaterMark test image watermark 1`] = `
<div>
  <div
    class="ant-pro-layout-watermark-wrapper"
    style="position: relative;"
  >
    <div
      style="height: 500px;"
    >
      123
    </div>
    <div
      class="ant-pro-layout-watermark"
      style="z-index: 9; position: absolute; left: 0px; top: 0px; width: 100%; height: 100%; background-size: 332px; pointer-events: none; background-repeat: repeat; background-image: url(data:image/png;base64,00);"
    />
  </div>
</div>
`;

exports[`WaterMark test text watermark 1`] = `
<DocumentFragment>
  <div
    class="ant-pro-layout-watermark-wrapper"
    style="position: relative;"
  >
    <div
      style="height: 500px;"
    />
    <div
      class="ant-pro-layout-watermark"
      style="z-index: 9; position: absolute; left: 0px; top: 0px; width: 100%; height: 100%; background-size: 332px; pointer-events: none; background-repeat: repeat; background-image: url(data:image/png;base64,00);"
    />
  </div>
</DocumentFragment>
`;
