// Jest Snapshot v1, https://goo.gl/fbAQLP

exports[`EditorProTable 2 üìù EditableProTable support recordCreatorProps.position 1`] = `[Function]`;

exports[`EditorProTable 2 üìù columns initialValue alway work 1`] = `
<DocumentFragment>
  <div
    class="ant-pro-table"
  >
    <div
      class="ant-pro-card"
    >
      <div
        class="ant-pro-card-body"
        style="padding-block-start: 0;"
      >
        <div
          class="ant-table-wrapper"
        >
          <div
            class="ant-spin-nested-loading"
          >
            <div
              class="ant-spin-container"
            >
              <div
                class="ant-table ant-table-middle ant-table-layout-fixed"
              >
                <div
                  class="ant-table-container"
                >
                  <div
                    class="ant-table-content"
                  >
                    <table
                      style="table-layout: fixed;"
                    >
                      <colgroup>
                        <col
                          style="width: 48px;"
                        />
                        <col
                          style="width: 48px;"
                        />
                        <col
                          style="width: 48px;"
                        />
                      </colgroup>
                      <thead
                        class="ant-table-thead"
                      >
                        <tr>
                          <th
                            class="ant-table-cell"
                            scope="col"
                          />
                          <th
                            class="ant-table-cell"
                            scope="col"
                          />
                          <th
                            class="ant-table-cell"
                            scope="col"
                          />
                        </tr>
                      </thead>
                      <tbody
                        class="ant-table-tbody"
                      >
                        <tr
                          class="ant-table-row ant-table-row-level-0"
                          data-row-key="624748504"
                        >
                          <td
                            class="ant-table-cell"
                          >
                            <div
                              class="ant-form-item"
                              style="margin-block-start: -5px; margin-block-end: -5px; margin-inline-start: 0; margin-inline-end: 0;"
                            >
                              <div
                                class="ant-row ant-form-item-row"
                              >
                                <div
                                  class="ant-col ant-form-item-control"
                                >
                                  <div
                                    class="ant-form-item-control-input"
                                  >
                                    <div
                                      class="ant-form-item-control-input-content"
                                    >
                                      <span
                                        class="ant-input-affix-wrapper"
                                      >
                                        <input
                                          class="ant-input"
                                          placeholder="ËØ∑ËæìÂÖ•"
                                          type="text"
                                          value="üêõ [BUG]yarn installÂëΩ‰ª§ antd2.4.5‰ºöÊä•Èîô"
                                        />
                                        <span
                                          class="ant-input-suffix"
                                        >
                                          <span
                                            class="ant-input-clear-icon"
                                            role="button"
                                            tabindex="-1"
                                          >
                                            <span
                                              aria-label="close-circle"
                                              class="anticon anticon-close-circle"
                                              role="img"
                                            >
                                              <svg
                                                aria-hidden="true"
                                                data-icon="close-circle"
                                                fill="currentColor"
                                                focusable="false"
                                                height="1em"
                                                viewBox="64 64 896 896"
                                                width="1em"
                                              >
                                                <path
                                                  d="M512 64C264.6 64 64 264.6 64 512s200.6 448 448 448 448-200.6 448-448S759.4 64 512 64zm165.4 618.2l-66-.3L512 563.4l-99.3 118.4-66.1.3c-4.4 0-8-3.5-8-8 0-1.9.7-3.7 1.9-5.2l130.1-155L340.5 359a8.32 8.32 0 01-1.9-5.2c0-4.4 3.6-8 8-8l66.1.3L512 464.6l99.3-118.4 66-.3c4.4 0 8 3.5 8 8 0 1.9-.7 3.7-1.9 5.2L553.5 514l130 155c1.2 1.5 1.9 3.3 1.9 5.2 0 4.4-3.6 8-8 8z"
                                                />
                                              </svg>
                                            </span>
                                          </span>
                                        </span>
                                      </span>
                                    </div>
                                  </div>
                                </div>
                              </div>
                            </div>
                          </td>
                          <td
                            class="ant-table-cell"
                          >
                            <div
                              class="ant-form-item"
                              style="margin-block-start: -5px; margin-block-end: -5px; margin-inline-start: 0; margin-inline-end: 0;"
                            >
                              <div
                                class="ant-row ant-form-item-row"
                              >
                                <div
                                  class="ant-col ant-form-item-control"
                                >
                                  <div
                                    class="ant-form-item-control-input"
                                  >
                                    <div
                                      class="ant-form-item-control-input-content"
                                    >
                                      <span
                                        class="ant-input-affix-wrapper"
                                      >
                                        <input
                                          class="ant-input"
                                          placeholder="ËØ∑ËæìÂÖ•"
                                          type="text"
                                          value="123"
                                        />
                                        <span
                                          class="ant-input-suffix"
                                        >
                                          <span
                                            class="ant-input-clear-icon"
                                            role="button"
                                            tabindex="-1"
                                          >
                                            <span
                                              aria-label="close-circle"
                                              class="anticon anticon-close-circle"
                                              role="img"
                                            >
                                              <svg
                                                aria-hidden="true"
                                                data-icon="close-circle"
                                                fill="currentColor"
                                                focusable="false"
                                                height="1em"
                                                viewBox="64 64 896 896"
                                                width="1em"
                                              >
                                                <path
                                                  d="M512 64C264.6 64 64 264.6 64 512s200.6 448 448 448 448-200.6 448-448S759.4 64 512 64zm165.4 618.2l-66-.3L512 563.4l-99.3 118.4-66.1.3c-4.4 0-8-3.5-8-8 0-1.9.7-3.7 1.9-5.2l130.1-155L340.5 359a8.32 8.32 0 01-1.9-5.2c0-4.4 3.6-8 8-8l66.1.3L512 464.6l99.3-118.4 66-.3c4.4 0 8 3.5 8 8 0 1.9-.7 3.7-1.9 5.2L553.5 514l130 155c1.2 1.5 1.9 3.3 1.9 5.2 0 4.4-3.6 8-8 8z"
                                                />
                                              </svg>
                                            </span>
                                          </span>
                                        </span>
                                      </span>
                                    </div>
                                  </div>
                                </div>
                              </div>
                            </div>
                          </td>
                          <td
                            class="ant-table-cell"
                          >
                            <div
                              class="ant-form-item"
                              style="margin-block-start: -5px; margin-block-end: -5px; margin-inline-start: 0; margin-inline-end: 0;"
                            >
                              <div
                                class="ant-row ant-form-item-row"
                              >
                                <div
                                  class="ant-col ant-form-item-control"
                                >
                                  <div
                                    class="ant-form-item-control-input"
                                  >
                                    <div
                                      class="ant-form-item-control-input-content"
                                    >
                                      <span
                                        class="ant-input-affix-wrapper"
                                      >
                                        <input
                                          class="ant-input"
                                          placeholder="ËØ∑ËæìÂÖ•"
                                          type="text"
                                          value="1234"
                                        />
                                        <span
                                          class="ant-input-suffix"
                                        >
                                          <span
                                            class="ant-input-clear-icon"
                                            role="button"
                                            tabindex="-1"
                                          >
                                            <span
                                              aria-label="close-circle"
                                              class="anticon anticon-close-circle"
                                              role="img"
                                            >
                                              <svg
                                                aria-hidden="true"
                                                data-icon="close-circle"
                                                fill="currentColor"
                                                focusable="false"
                                                height="1em"
                                                viewBox="64 64 896 896"
                                                width="1em"
                                              >
                                                <path
                                                  d="M512 64C264.6 64 64 264.6 64 512s200.6 448 448 448 448-200.6 448-448S759.4 64 512 64zm165.4 618.2l-66-.3L512 563.4l-99.3 118.4-66.1.3c-4.4 0-8-3.5-8-8 0-1.9.7-3.7 1.9-5.2l130.1-155L340.5 359a8.32 8.32 0 01-1.9-5.2c0-4.4 3.6-8 8-8l66.1.3L512 464.6l99.3-118.4 66-.3c4.4 0 8 3.5 8 8 0 1.9-.7 3.7-1.9 5.2L553.5 514l130 155c1.2 1.5 1.9 3.3 1.9 5.2 0 4.4-3.6 8-8 8z"
                                                />
                                              </svg>
                                            </span>
                                          </span>
                                        </span>
                                      </span>
                                    </div>
                                  </div>
                                </div>
                              </div>
                            </div>
                          </td>
                        </tr>
                      </tbody>
                    </table>
                  </div>
                </div>
              </div>
            </div>
          </div>
        </div>
        <button
          class="ant-btn ant-btn-dashed"
          style="display: block; margin: 10px 0px; width: 100%;"
          type="button"
        >
          <span
            class="ant-btn-icon"
          >
            <span
              aria-label="plus"
              class="anticon anticon-plus"
              role="img"
            >
              <svg
                aria-hidden="true"
                data-icon="plus"
                fill="currentColor"
                focusable="false"
                height="1em"
                viewBox="64 64 896 896"
                width="1em"
              >
                <defs>
                  <style />
                </defs>
                <path
                  d="M482 152h60q8 0 8 8v704q0 8-8 8h-60q-8 0-8-8V160q0-8 8-8z"
                />
                <path
                  d="M176 474h672q8 0 8 8v60q0 8-8 8H176q-8 0-8-8v-60q0-8 8-8z"
                />
              </svg>
            </span>
          </span>
          <span>
            Ê∑ªÂä†‰∏ÄË°åÊï∞ÊçÆ
          </span>
        </button>
      </div>
    </div>
  </div>
</DocumentFragment>
`;

exports[`EditorProTable 2 üìù columns support editable test 1`] = `
<DocumentFragment>
  <div
    class="ant-pro-table"
  >
    <div
      class="ant-pro-card"
    >
      <div
        class="ant-pro-card-body"
        style="padding-block-start: 0;"
      >
        <div
          class="ant-table-wrapper"
        >
          <div
            class="ant-spin-nested-loading"
          >
            <div
              class="ant-spin-container"
            >
              <div
                class="ant-table ant-table-middle ant-table-layout-fixed"
              >
                <div
                  class="ant-table-container"
                >
                  <div
                    class="ant-table-content"
                  >
                    <table
                      style="table-layout: fixed;"
                    >
                      <colgroup>
                        <col
                          style="width: 48px;"
                        />
                        <col
                          style="width: 48px;"
                        />
                      </colgroup>
                      <thead
                        class="ant-table-thead"
                      >
                        <tr>
                          <th
                            class="ant-table-cell"
                            scope="col"
                          >
                            Â∫èÂè∑
                          </th>
                          <th
                            class="ant-table-cell"
                            scope="col"
                          />
                        </tr>
                      </thead>
                      <tbody
                        class="ant-table-tbody"
                      >
                        <tr
                          class="ant-table-row ant-table-row-level-0"
                          data-row-key="624748504"
                        >
                          <td
                            class="ant-table-cell ant-table-cell-with-append"
                          >
                            <span
                              class="ant-table-row-indent indent-level-0"
                              style="padding-left: 0px;"
                            />
                            <button
                              aria-expanded="false"
                              aria-label="Â±ïÂºÄË°å"
                              class="ant-table-row-expand-icon ant-table-row-expand-icon-spaced"
                              type="button"
                            />
                            <div
                              class="ant-pro-field-index-column ant-pro-field-index-column-border"
                            >
                              1
                            </div>
                          </td>
                          <td
                            class="ant-table-cell"
                          >
                            <div
                              class="ant-pro-field-index-column ant-pro-field-index-column-border"
                            >
                              1
                            </div>
                          </td>
                        </tr>
                        <tr
                          class="ant-table-row ant-table-row-level-0"
                          data-row-key="624691229"
                        >
                          <td
                            class="ant-table-cell ant-table-cell-with-append"
                          >
                            <span
                              class="ant-table-row-indent indent-level-0"
                              style="padding-left: 0px;"
                            />
                            <button
                              aria-expanded="false"
                              aria-label="Â±ïÂºÄË°å"
                              class="ant-table-row-expand-icon ant-table-row-expand-icon-spaced"
                              type="button"
                            />
                            <div
                              class="ant-pro-field-index-column ant-pro-field-index-column-border"
                            >
                              2
                            </div>
                          </td>
                          <td
                            class="ant-table-cell"
                          >
                            <div
                              class="ant-pro-field-index-column ant-pro-field-index-column-border"
                            >
                              2
                            </div>
                          </td>
                        </tr>
                        <tr
                          class="ant-table-row ant-table-row-level-0"
                          data-row-key="624674790"
                        >
                          <td
                            class="ant-table-cell ant-table-cell-with-append"
                          >
                            <span
                              class="ant-table-row-indent indent-level-0"
                              style="padding-left: 0px;"
                            />
                            <button
                              aria-expanded="false"
                              aria-label="Â±ïÂºÄË°å"
                              class="ant-table-row-expand-icon ant-table-row-expand-icon-collapsed"
                              type="button"
                            />
                            <div
                              class="ant-pro-field-index-column ant-pro-field-index-column-border"
                            >
                              3
                            </div>
                          </td>
                          <td
                            class="ant-table-cell"
                          >
                            <div
                              class="ant-pro-field-index-column ant-pro-field-index-column-border"
                            >
                              3
                            </div>
                          </td>
                        </tr>
                      </tbody>
                    </table>
                  </div>
                </div>
              </div>
            </div>
          </div>
        </div>
        <button
          class="ant-btn ant-btn-dashed"
          style="display: block; margin: 10px 0px; width: 100%;"
          type="button"
        >
          <span
            class="ant-btn-icon"
          >
            <span
              aria-label="plus"
              class="anticon anticon-plus"
              role="img"
            >
              <svg
                aria-hidden="true"
                data-icon="plus"
                fill="currentColor"
                focusable="false"
                height="1em"
                viewBox="64 64 896 896"
                width="1em"
              >
                <defs>
                  <style />
                </defs>
                <path
                  d="M482 152h60q8 0 8 8v704q0 8-8 8h-60q-8 0-8-8V160q0-8 8-8z"
                />
                <path
                  d="M176 474h672q8 0 8 8v60q0 8-8 8H176q-8 0-8-8v-60q0-8 8-8z"
                />
              </svg>
            </span>
          </span>
          <span>
            Ê∑ªÂä†‰∏ÄË°åÊï∞ÊçÆ
          </span>
        </button>
      </div>
    </div>
  </div>
</DocumentFragment>
`;

exports[`EditorProTable 2 üìù renderFormItem run defaultRender 1`] = `
<DocumentFragment>
  <div
    class="ant-pro-table"
  >
    <div
      class="ant-pro-card"
    >
      <div
        class="ant-pro-card-body"
        style="padding-block-start: 0;"
      >
        <div
          class="ant-table-wrapper"
        >
          <div
            class="ant-spin-nested-loading"
          >
            <div
              class="ant-spin-container"
            >
              <div
                class="ant-table ant-table-middle ant-table-layout-fixed"
              >
                <div
                  class="ant-table-container"
                >
                  <div
                    class="ant-table-content"
                  >
                    <table
                      style="table-layout: fixed;"
                    >
                      <colgroup>
                        <col
                          style="width: 48px;"
                        />
                      </colgroup>
                      <thead
                        class="ant-table-thead"
                      >
                        <tr>
                          <th
                            class="ant-table-cell"
                            scope="col"
                          >
                            Â∫èÂè∑
                          </th>
                        </tr>
                      </thead>
                      <tbody
                        class="ant-table-tbody"
                      >
                        <tr
                          class="ant-table-row ant-table-row-level-0"
                          data-row-key="624748504"
                        >
                          <td
                            class="ant-table-cell ant-table-cell-with-append"
                          >
                            <span
                              class="ant-table-row-indent indent-level-0"
                              style="padding-left: 0px;"
                            />
                            <button
                              aria-expanded="false"
                              aria-label="Â±ïÂºÄË°å"
                              class="ant-table-row-expand-icon ant-table-row-expand-icon-spaced"
                              type="button"
                            />
                            <div
                              class="ant-form-item"
                              style="margin-block-start: -5px; margin-block-end: -5px; margin-inline-start: 0; margin-inline-end: 0;"
                            >
                              <div
                                class="ant-row ant-form-item-row"
                              >
                                <div
                                  class="ant-col ant-form-item-control"
                                >
                                  <div
                                    class="ant-form-item-control-input"
                                  >
                                    <div
                                      class="ant-form-item-control-input-content"
                                    >
                                      <div
                                        class="ant-form-item"
                                        style="margin-block-start: -5px; margin-block-end: -5px; margin-inline-start: 0; margin-inline-end: 0;"
                                      >
                                        <div
                                          class="ant-row ant-form-item-row"
                                        >
                                          <div
                                            class="ant-col ant-form-item-control"
                                          >
                                            <div
                                              class="ant-form-item-control-input"
                                            >
                                              <div
                                                class="ant-form-item-control-input-content"
                                              >
                                                <div
                                                  class="ant-pro-field-index-column ant-pro-field-index-column-border"
                                                >
                                                  1
                                                </div>
                                              </div>
                                            </div>
                                          </div>
                                        </div>
                                      </div>
                                    </div>
                                  </div>
                                </div>
                              </div>
                            </div>
                          </td>
                        </tr>
                        <tr
                          class="ant-table-row ant-table-row-level-0"
                          data-row-key="624691229"
                        >
                          <td
                            class="ant-table-cell ant-table-cell-with-append"
                          >
                            <span
                              class="ant-table-row-indent indent-level-0"
                              style="padding-left: 0px;"
                            />
                            <button
                              aria-expanded="false"
                              aria-label="Â±ïÂºÄË°å"
                              class="ant-table-row-expand-icon ant-table-row-expand-icon-spaced"
                              type="button"
                            />
                            <div
                              class="ant-pro-field-index-column ant-pro-field-index-column-border"
                            >
                              2
                            </div>
                          </td>
                        </tr>
                        <tr
                          class="ant-table-row ant-table-row-level-0"
                          data-row-key="624674790"
                        >
                          <td
                            class="ant-table-cell ant-table-cell-with-append"
                          >
                            <span
                              class="ant-table-row-indent indent-level-0"
                              style="padding-left: 0px;"
                            />
                            <button
                              aria-expanded="false"
                              aria-label="Â±ïÂºÄË°å"
                              class="ant-table-row-expand-icon ant-table-row-expand-icon-collapsed"
                              type="button"
                            />
                            <div
                              class="ant-pro-field-index-column ant-pro-field-index-column-border"
                            >
                              3
                            </div>
                          </td>
                        </tr>
                      </tbody>
                    </table>
                  </div>
                </div>
              </div>
            </div>
          </div>
        </div>
        <button
          class="ant-btn ant-btn-dashed"
          style="display: block; margin: 10px 0px; width: 100%;"
          type="button"
        >
          <span
            class="ant-btn-icon"
          >
            <span
              aria-label="plus"
              class="anticon anticon-plus"
              role="img"
            >
              <svg
                aria-hidden="true"
                data-icon="plus"
                fill="currentColor"
                focusable="false"
                height="1em"
                viewBox="64 64 896 896"
                width="1em"
              >
                <defs>
                  <style />
                </defs>
                <path
                  d="M482 152h60q8 0 8 8v704q0 8-8 8h-60q-8 0-8-8V160q0-8 8-8z"
                />
                <path
                  d="M176 474h672q8 0 8 8v60q0 8-8 8H176q-8 0-8-8v-60q0-8 8-8z"
                />
              </svg>
            </span>
          </span>
          <span>
            Ê∑ªÂä†‰∏ÄË°åÊï∞ÊçÆ
          </span>
        </button>
      </div>
    </div>
  </div>
</DocumentFragment>
`;
