// Jest Snapshot v1, https://goo.gl/fbAQLP

exports[`LightFilter  ๐ช DateTimePicker 1`] = `"ๆฅๆๆถ้ด: "`;
